// Jest Snapshot v1, https://goo.gl/fbAQLP

exports[`Tag group 1`] = `
"/**
 * Aliquip ex proident tempor eiusmod aliquip amet. Labore commodo nulla
 * tempor consequat exercitation incididunt non. Duis laboris reprehenderit
 * proident proident.
 *
 * @example
 *   const foo = 0;
 *   const a = "";
 *   const b = "";
 *
 * @param id A test id.
 *
 * @returns Minim sit a.
 *
 * @throws Minim sit ad commodo ut dolore magna magna minim consequat. Ex
 *   consequat esse incididunt qui voluptate id voluptate quis ex et. Ullamco
 *   cillum nisi amet fugiat.
 *
 * @see {@link http://acme.com}
 */
"
`;
